Phyp-dump disabled at boot time
Allocated 81920 bytes for 128 pacas at c00000000ffec000
Using pSeries machine description
Page orders: linear mapping = 24, virtual = 12, io = 12, vmemmap = 24
Using 1TB segments
Found initrd at 0xc000000003280000:0xc00000000b22a800
bootconsole [udbg0] enabled
Partition configured for 16 cpus.
CPU maps initialized for 4 threads per core
 (thread shift is 2)
Freed 69632 bytes for unused pacas
Starting Linux PPC64 #19 SMP Thu Apr 12 10:07:20 EDT 2012
-----------------------------------------------------
ppc64_pft_size                = 0x1a
physicalMemorySize            = 0xe3000000
htab_hash_mask                = 0x7ffff
-----------------------------------------------------
Initializing cgroup subsys cpuset
Initializing cgroup subsys cpu
Linux version 3.1.0-rc8+ (zhe8@pico) (gcc version 4.6.2 20111027 (Red Hat 4.6.2-1) (GCC) ) #19 SMP Thu Apr 12 10:07:20 EDT 2012
[boot]0012 Setup Arch
Node 0 Memory: 0x0-0xe3000000
PCI host bridge /pci@800000020000200  ranges:
  IO 0x00003dffe01f0000..0x00003dffe01fffff -> 0x00000000000f0000
 MEM 0x00003c0000000000..0x00003c007fffffff -> 0x0000000080000000 
PCI host bridge /pci@800000020000201  ranges:
  IO 0x00003dffe02f0000..0x00003dffe02fffff -> 0x00000000000f0000
 MEM 0x00003c0080000000..0x00003c00ffffffff -> 0x0000000080000000 
PCI host bridge /pci@800000020000202  ranges:
  IO 0x00003dffe03f0000..0x00003dffe03fffff -> 0x00000000000f0000
 MEM 0x00003c0100000000..0x00003c017fffffff -> 0x0000000080000000 
PCI host bridge /pci@800000020000204  ranges:
  IO 0x00003dffe11f0000..0x00003dffe11fffff -> 0x00000000000f0000
 MEM 0x00003c0400000000..0x00003c047fefffff -> 0x0000000080000000 
PCI host bridge /pci@800000020000205  ranges:
  IO 0x00003dffe12f0000..0x00003dffe12fffff -> 0x00000000000f0000
 MEM 0x00003c0480000000..0x00003c04ffefffff -> 0x0000000080000000 
PCI host bridge /pci@800000020000206  ranges:
  IO 0x00003dffe13f0000..0x00003dffe13fffff -> 0x00000000000f0000
 MEM 0x00003c0500000000..0x00003c057fefffff -> 0x0000000080000000 
PCI host bridge /pci@800000020000207  ranges:
  IO 0x00003dffe14f0000..0x00003dffe14fffff -> 0x00000000000f0000
 MEM 0x00003c0580000000..0x00003c05ffefffff -> 0x0000000080000000 
EEH: PCI Enhanced I/O Error Handling Enabled
PPC64 nvram contains 15360 bytes
Using dedicated idle loop
Zone PFN ranges:
  DMA      0x00000000 -> 0x000e3000
  Normal   empty
Movable zone start PFN for each node
early_node_map[1] active PFN ranges
    0: 0x00000000 -> 0x000e3000
On node 0 totalpages: 929792
  DMA zone: 12712 pages used for memmap
  DMA zone: 0 pages reserved
  DMA zone: 917080 pages, LIFO batch:31
[boot]0015 Setup Done
PERCPU: Embedded 14 pages/cpu @c000000001000000 s27904 r0 d29440 u65536
pcpu-alloc: s27904 r0 d29440 u65536 alloc=1*1048576
pcpu-alloc: [0] 00 01 02 03 04 05 06 07 08 09 10 11 12 13 14 15 
Built 1 zonelists in Node order, mobility grouping on.  Total pages: 917080
Policy zone: DMA
Kernel command line: root=/dev/mapper/vg_pico-lv_root ro rd.md=0 rd.dm=0 rhgb rd.lvm.lv=vg_pico/lv_swap  KEYTABLE=us quiet rd.lvm.lv=vg_pico/lv_root SYSFONT=True rd.luks=0 LANG=en_US.UTF-8 
PID hash table entries: 4096 (order: 3, 32768 bytes)
freeing bootmem node 0
Memory: 3486220k/3719168k available (13952k kernel code, 232948k reserved, 1296k data, 908k bss, 5616k init)
SLUB: Genslabs=15, HWalign=128, Order=0-3, MinObjects=0, CPUs=16, Nodes=256
Hierarchical RCU implementation.
NR_IRQS:512
pic: no ISA interrupt controller
time_init: decrementer frequency = 512.000000 MHz
time_init: processor frequency   = 3000.000000 MHz
clocksource: timebase mult[7d0000] shift[22] registered
clockevent: decrementer mult[83126e97] shift[32] cpu[0]
Console: colour dummy device 80x25
console [tty0] enabled, bootconsole disabled
allocated 29753344 bytes of page_cgroup
please try 'cgroup_disable=memory' option if you don't want memory cgroups
pid_max: default: 32768 minimum: 301
Security Framework initialized
SELinux:  Initializing.
SELinux:  Starting in permissive mode
Dentry cache hash table entries: 524288 (order: 10, 4194304 bytes)
Inode-cache hash table entries: 262144 (order: 9, 2097152 bytes)
Mount-cache hash table entries: 256
Initializing cgroup subsys cpuacct
Initializing cgroup subsys memory
Initializing cgroup subsys devices
Initializing cgroup subsys freezer
Initializing cgroup subsys net_cls
ftrace: allocating 19578 entries in 116 pages
POWER7 performance monitor hardware support registered
Brought up 16 CPUs
Node 0 CPUs: 0-15
Enabling Asymmetric SMT scheduling
print_constraints: dummy: 
NET: Registered protocol family 16
IBM eBus Device Driver
PCI: Probing PCI hardware
IOMMU table initialized, virtual merging enabled
pci 0001:00:01.0: supports D1 D2
pci 0001:00:01.0: PME# supported from D0 D1 D2 D3hot
pci 0001:00:01.0: PME# disabled
pci 0001:00:01.1: supports D1 D2
pci 0001:00:01.1: PME# supported from D0 D1 D2 D3hot
pci 0001:00:01.1: PME# disabled
pci 0001:00:01.2: supports D1 D2
pci 0001:00:01.2: PME# supported from D0 D1 D2 D3hot
pci 0001:00:01.2: PME# disabled
pci 0003:01:00.0: supports D1 D2
PCI: Probing PCI hardware done
bio: create slab <bio-0> at 0
vgaarb: device added: PCI:0003:02:00.0,decodes=io+mem,owns=none,locks=none
vgaarb: loaded
vgaarb: bridge control possible 0003:02:00.0
SCSI subsystem initialized
libata version 3.00 loaded.
usbcore: registered new interface driver usbfs
usbcore: registered new interface driver hub
usbcore: registered new device driver usb
NetLabel: Initializing
NetLabel:  domain hash size = 128
NetLabel:  protocols = UNLABELED CIPSOv4
NetLabel:  unlabeled traffic allowed by default
Switching to clocksource timebase
Switched to NOHz mode on CPU #0
Switched to NOHz mode on CPU #5
Switched to NOHz mode on CPU #14
Switched to NOHz mode on CPU #10
Switched to NOHz mode on CPU #1
Switched to NOHz mode on CPU #15
Switched to NOHz mode on CPU #6
Switched to NOHz mode on CPU #11
Switched to NOHz mode on CPU #2
Switched to NOHz mode on CPU #12
Switched to NOHz mode on CPU #7
Switched to NOHz mode on CPU #3
Switched to NOHz mode on CPU #8
Switched to NOHz mode on CPU #13
Switched to NOHz mode on CPU #4
Switched to NOHz mode on CPU #9
NET: Registered protocol family 2
IP route cache hash table entries: 131072 (order: 8, 1048576 bytes)
TCP established hash table entries: 524288 (order: 11, 8388608 bytes)
TCP bind hash table entries: 65536 (order: 8, 1048576 bytes)
TCP: Hash tables configured (established 524288 bind 65536)
TCP reno registered
UDP hash table entries: 2048 (order: 4, 65536 bytes)
UDP-Lite hash table entries: 2048 (order: 4, 65536 bytes)
NET: Registered protocol family 1
pci 0003:01:00.0: TI XIO2000a quirk detected; secondary bus fast back-to-back transfers disabled
PCI: CLS 128 bytes, default 128
Trying to unpack rootfs image as initramfs...
Freeing initrd memory: 130732k freed
RTAS daemon started
RTAS: event: 24, Type: Dump Notification Event, Severity: 1
vio 30000000: Warning: IOMMU dma not supported: mask 0xffffffffffffffff, table unavailable
vio 30000001: Warning: IOMMU dma not supported: mask 0xffffffffffffffff, table unavailable
vio 4000: Warning: IOMMU dma not supported: mask 0xffffffffffffffff, table unavailable
vio 4001: Warning: IOMMU dma not supported: mask 0xffffffffffffffff, table unavailable
vio 4002: Warning: IOMMU dma not supported: mask 0xffffffffffffffff, table unavailable
vio 4004: Warning: IOMMU dma not supported: mask 0xffffffffffffffff, table unavailable
vio 4003: Warning: IOMMU dma not supported: mask 0xffffffffffffffff, table unavailable
audit: initializing netlink socket (disabled)
type=2000 audit(1334248464.388:1): initialized
HugeTLB registered 64 KB page size, pre-allocated 0 pages
HugeTLB registered 16 MB page size, pre-allocated 0 pages
HugeTLB registered 16 GB page size, pre-allocated 0 pages
VFS: Disk quotas dquot_6.5.2
Dquot-cache hash table entries: 512 (order 0, 4096 bytes)
msgmni has been set to 7064
SELinux:  Registering netfilter hooks
Block layer SCSI generic (bsg) driver version 0.4 loaded (major 253)
io scheduler noop registered
io scheduler deadline registered
io scheduler cfq registered (default)
pci_hotplug: PCI Hot Plug PCI Core version: 0.5
pciehp: PCI Express Hot Plug Controller Driver version: 0.4
matroxfb: Matrox G550 detected
PInS data found at offset 32032
PInS memtype = 5
matroxfb: 640x480x8bpp (virtual: 640x26214)
matroxfb: framebuffer at 0x3C0478000000, mapped to 0xd000080080080000, size 33554432
Console: switching to colour frame buffer device 80x30
fb0: MATROX frame buffer device
matroxfb_crtc2: secondary head of fb0 was registered as fb1
vio_register_driver: driver hvc_console registering
Serial: 8250/16550 driver, 4 ports, IRQ sharing enabled
Linux agpgart interface v0.103
brd: module loaded
loop: module loaded
Uniform Multi-Platform E-IDE driver
ide-gd driver 1.18
Fixed MDIO Bus: probed
ehci_hcd: USB 2.0 'Enhanced' Host Controller (EHCI) Driver
ehci_hcd 0001:00:01.2: enabling device (0140 -> 0142)
ehci_hcd 0001:00:01.2: EHCI Host Controller
ehci_hcd 0001:00:01.2: new USB bus registered, assigned bus number 1
ehci_hcd 0001:00:01.2: irq 323, io mem 0x3c00ffffd000
ehci_hcd 0001:00:01.2: USB 2.0 started, EHCI 1.00
usb usb1: New USB device found, idVendor=1d6b, idProduct=0002
usb usb1: New USB device strings: Mfr=3, Product=2, SerialNumber=1
usb usb1: Product: EHCI Host Controller
usb usb1: Manufacturer: Linux 3.1.0-rc8+ ehci_hcd
usb usb1: SerialNumber: 0001:00:01.2
hub 1-0:1.0: USB hub found
hub 1-0:1.0: 5 ports detected
ohci_hcd: USB 1.1 'Open' Host Controller (OHCI) Driver
ohci_hcd 0001:00:01.0: OHCI Host Controller
ohci_hcd 0001:00:01.0: new USB bus registered, assigned bus number 2
ohci_hcd 0001:00:01.0: irq 321, io mem 0x3c00ffffe000
RTAS: event: 25, Type: Dump Notification Event, Severity: 1
usb usb2: New USB device found, idVendor=1d6b, idProduct=0001
usb usb2: New USB device strings: Mfr=3, Product=2, SerialNumber=1
usb usb2: Product: OHCI Host Controller
usb usb2: Manufacturer: Linux 3.1.0-rc8+ ohci_hcd
usb usb2: SerialNumber: 0001:00:01.0
hub 2-0:1.0: USB hub found
hub 2-0:1.0: 3 ports detected
ohci_hcd 0001:00:01.1: OHCI Host Controller
ohci_hcd 0001:00:01.1: new USB bus registered, assigned bus number 3
ohci_hcd 0001:00:01.1: irq 322, io mem 0x3c00fffff000
usb usb3: New USB device found, idVendor=1d6b, idProduct=0001
usb usb3: New USB device strings: Mfr=3, Product=2, SerialNumber=1
usb usb3: Product: OHCI Host Controller
usb usb3: Manufacturer: Linux 3.1.0-rc8+ ohci_hcd
usb usb3: SerialNumber: 0001:00:01.1
hub 3-0:1.0: USB hub found
hub 3-0:1.0: 2 ports detected
uhci_hcd: USB Universal Host Controller Interface driver
mousedev: PS/2 mouse device common for all mice
rtc-generic rtc-generic: rtc core: registered rtc-generic as rtc0
device-mapper: uevent: version 1.0.3
device-mapper: ioctl: 4.21.0-ioctl (2011-07-06) initialised: dm-devel@redhat.com
usbcore: registered new interface driver usbhid
usbhid: USB HID core driver
nf_conntrack version 0.5.0 (16384 buckets, 65536 max)
ip_tables: (C) 2000-2006 Netfilter Core Team
TCP cubic registered
Initializing XFRM netlink socket
NET: Registered protocol family 17
Registering the dns_resolver key type
Running MSI bitmap self-tests ...
PM: Hibernation image not present or could not be loaded.
registered taskstats version 1
rtc-generic rtc-generic: setting system clock to 2012-04-12 16:34:25 UTC (1334248465)
Initializing network drop monitor service
Freeing unused kernel memory: 5616k freed
usb 2-1: new low speed USB device number 2 using ohci_hcd
dracut: dracut-013-18.fc16
usb 2-1: New USB device found, idVendor=0461, idProduct=4d15
usb 2-1: New USB device strings: Mfr=0, Product=2, SerialNumber=0
usb 2-1: Product: USB Optical Mouse
dracut: rd.luks=0: removing cryptoluks activation
input: USB Optical Mouse as /devices/pci0001:00/0001:00:01.0/usb2/2-1/2-1:1.0/input/input0
generic-usb 0003:0461:4D15.0001: input,hidraw0: USB HID v1.11 Mouse [USB Optical Mouse] on usb-0001:00:01.0-1/input0
udevd[148]: starting version 173
dracut: Starting plymouth daemon
usb 3-1: new low speed USB device number 2 using ohci_hcd
dracut: rd.dm=0: removing DM RAID activation
dracut: rd.md=0: removing MD RAID activation
usb 3-1: New USB device found, idVendor=413c, idProduct=2003
usb 3-1: New USB device strings: Mfr=1, Product=2, SerialNumber=0
usb 3-1: Product: Dell USB Keyboard
usb 3-1: Manufacturer: Dell
ipr: IBM Power RAID SCSI Device Driver version: 2.5.2 (April 27, 2011)
ipr 0000:00:01.0: Found IOA with IRQ: 305
ipr 0000:00:01.0: Starting IOA initialization sequence.
ipr 0000:00:01.0: Adapter firmware version: 04200029
ipr 0000:00:01.0: IOA initialized.
scsi0 : IBM 572C Storage Adapter
input: Dell Dell USB Keyboard as /devices/pci0001:00/0001:00:01.1/usb3/3-1/3-1:1.0/input/input1
generic-usb 0003:413C:2003.0002: input,hidraw1: USB HID v1.10 Keyboard [Dell Dell USB Keyboard] on usb-0001:00:01.1-1/input0
scsi 0:0:0:0: Direct-Access     IBM      ST9146852SS      CA06 PQ: 0 ANSI: 6
ata1.00: ATAPI: IBM     RMBO0040542, SA61, max UDMA/100
ata1.00: configured for UDMA/100
scsi 0:6:0:0: CD-ROM            IBM      RMBO0040542      SA61 PQ: 0 ANSI: 2
scsi 0:8:0:0: Enclosure         IBM      VSBPD3E4A  3GSAS   01 PQ: 0 ANSI: 2
scsi 0:8:1:0: Enclosure         IBM      VSBPD3E4B  3GSAS   01 PQ: 0 ANSI: 2
sd 0:0:0:0: Attached scsi generic sg0 type 0
sd 0:0:0:0: [sda] 286748000 512-byte logical blocks: (146 GB/136 GiB)
sd 0:0:0:0: [sda] Write Protect is off
sd 0:0:0:0: [sda] Mode Sense: c5 00 10 08
sr0: scsi3-mmc drive: 24x/24x writer dvd-ram cd/rw xa/form2 cdda tray
cdrom: Uniform CD-ROM driver Revision: 3.20
sr 0:6:0:0: Attached scsi CD-ROM sr0
sd 0:0:0:0: [sda] Write cache: disabled, read cache: enabled, supports DPO and FUA
sr 0:6:0:0: Attached scsi generic sg1 type 5
scsi 0:8:0:0: Attached scsi generic sg2 type 13
scsi 0:8:1:0: Attached scsi generic sg3 type 13
 sda: sda1 sda2 sda3
sd 0:0:0:0: [sda] Attached SCSI disk
scsi: unknown device type 31
scsi 0:255:255:255: No Device         IBM      572C001SISIOA    0150 PQ: 0 ANSI: 0
scsi 0:255:255:255: Attached scsi generic sg4 type 31
dracut: Scanning devices sda3  for LVM logical volumes vg_pico/lv_swap vg_pico/lv_root
dracut: inactive '/dev/vg_pico/lv_swap' [5.50 GiB] inherit
dracut: inactive '/dev/vg_pico/lv_home' [80.72 GiB] inherit
dracut: inactive '/dev/vg_pico/lv_root' [50.00 GiB] inherit
EXT4-fs (dm-1): mounted filesystem with ordered data mode. Opts: (null)
dracut: Checking ext4: /dev/mapper/vg_pico-lv_root
dracut: issuing e2fsck -a  /dev/mapper/vg_pico-lv_root
dracut: /dev/mapper/vg_pico-lv_root: clean, 163239/3276800 files, 1612343/13107200 blocks
dracut: Remounting /dev/mapper/vg_pico-lv_root with -o ro
EXT4-fs (dm-1): mounted filesystem with ordered data mode. Opts: (null)
dracut: Mounted root filesystem /dev/mapper/vg_pico-lv_root
dracut: Switching root
type=1404 audit(1334248469.668:2): enforcing=1 old_enforcing=0 auid=4294967295 ses=4294967295
SELinux: 2048 avtab hash slots, 96028 rules.
SELinux: 2048 avtab hash slots, 96028 rules.
SELinux:  9 users, 13 roles, 3892 types, 204 bools, 1 sens, 1024 cats
SELinux:  82 classes, 96028 rules
SELinux:  Completing initialization.
SELinux:  Setting up existing superblocks.
SELinux: initialized (dev sysfs, type sysfs), uses genfs_contexts
SELinux: initialized (dev rootfs, type rootfs), uses genfs_contexts
SELinux: initialized (dev bdev, type bdev), uses genfs_contexts
SELinux: initialized (dev proc, type proc), uses genfs_contexts
SELinux: initialized (dev tmpfs, type tmpfs), uses transition SIDs
SELinux: initialized (dev debugfs, type debugfs), uses genfs_contexts
SELinux: initialized (dev sockfs, type sockfs), uses task SIDs
SELinux: initialized (dev pipefs, type pipefs), uses task SIDs
SELinux: initialized (dev anon_inodefs, type anon_inodefs), uses genfs_contexts
SELinux: initialized (dev devpts, type devpts), uses transition SIDs
SELinux: initialized (dev hugetlbfs, type hugetlbfs), uses transition SIDs
SELinux: initialized (dev mqueue, type mqueue), uses transition SIDs
SELinux: initialized (dev selinuxfs, type selinuxfs), uses genfs_contexts
SELinux: initialized (dev usbfs, type usbfs), uses genfs_contexts
SELinux: initialized (dev sysfs, type sysfs), uses genfs_contexts
SELinux: initialized (dev tmpfs, type tmpfs), uses transition SIDs
SELinux: initialized (dev tmpfs, type tmpfs), uses transition SIDs
SELinux: initialized (dev tmpfs, type tmpfs), uses transition SIDs
SELinux: initialized (dev dm-1, type ext4), uses xattr
type=1403 audit(1334248469.834:3): policy loaded auid=4294967295 ses=4294967295
systemd[1]: Successfully loaded SELinux policy in 183ms 64us.
systemd[1]: Successfully loaded SELinux database in 38ms 587us, size on heap is 475K.
SELinux: initialized (dev tmpfs, type tmpfs), uses transition SIDs
SELinux: initialized (dev cgroup, type cgroup), uses genfs_contexts
systemd[1]: Relabelled /dev and /run in 64ms 623us.
SELinux: initialized (dev cgroup, type cgroup), uses genfs_contexts
SELinux: initialized (dev cgroup, type cgroup), uses genfs_contexts
SELinux: initialized (dev cgroup, type cgroup), uses genfs_contexts
SELinux: initialized (dev cgroup, type cgroup), uses genfs_contexts
SELinux: initialized (dev cgroup, type cgroup), uses genfs_contexts
SELinux: initialized (dev cgroup, type cgroup), uses genfs_contexts
systemd[1]: systemd 37 running in system mode. (+PAM +LIBWRAP +AUDIT +SELINUX +SYSVINIT +LIBCRYPTSETUP; fedora)
NET: Registered protocol family 10
systemd[1]: Set hostname to <pico>.
systemd-readahead-collect[423]: Failed to create fanotify object: Function not implemented
SELinux: initialized (dev autofs, type autofs), uses genfs_contexts
systemd[1]: systemd-readahead-collect.service: main process exited, code=exited, status=1
udevd[434]: starting version 173
SELinux: initialized (dev securityfs, type securityfs), uses genfs_contexts
SELinux: initialized (dev tmpfs, type tmpfs), uses transition SIDs
SELinux: initialized (dev hugetlbfs, type hugetlbfs), uses transition SIDs
type=1400 audit(1334248474.458:4): avc:  denied  { read write } for  pid=456 comm="loadkeys" name="tty" dev=tmpfs ino=7194 scontext=system_u:system_r:loadkeys_t:s0 tcontext=system_u:object_r:device_t:s0 tclass=chr_file
type=1400 audit(1334248474.458:5): avc:  denied  { write } for  pid=456 comm="loadkeys" name="tty" dev=tmpfs ino=7194 scontext=system_u:system_r:loadkeys_t:s0 tcontext=system_u:object_r:device_t:s0 tclass=chr_file
type=1400 audit(1334248474.458:6): avc:  denied  { read } for  pid=456 comm="loadkeys" name="tty" dev=tmpfs ino=7194 scontext=system_u:system_r:loadkeys_t:s0 tcontext=system_u:object_r:device_t:s0 tclass=chr_file
type=1400 audit(1334248474.459:7): avc:  denied  { read write } for  pid=456 comm="loadkeys" name="tty0" dev=tmpfs ino=5156 scontext=system_u:system_r:loadkeys_t:s0 tcontext=system_u:object_r:device_t:s0 tclass=chr_file
type=1400 audit(1334248474.459:8): avc:  denied  { write } for  pid=456 comm="loadkeys" name="tty0" dev=tmpfs ino=5156 scontext=system_u:system_r:loadkeys_t:s0 tcontext=system_u:object_r:device_t:s0 tclass=chr_file
type=1400 audit(1334248474.459:9): avc:  denied  { read } for  pid=456 comm="loadkeys" name="tty0" dev=tmpfs ino=5156 scontext=system_u:system_r:loadkeys_t:s0 tcontext=system_u:object_r:device_t:s0 tclass=chr_file
systemd-vconsole-setup[446]: /bin/loadkeys failed with error code 1.
EXT4-fs (dm-1): re-mounted. Opts: (null)
RPC: Registered named UNIX socket transport module.
RPC: Registered udp transport module.
RPC: Registered tcp transport module.
RPC: Registered tcp NFSv4.1 backchannel transport module.
SELinux: initialized (dev rpc_pipefs, type rpc_pipefs), uses genfs_contexts
shpchp: Standard Hot Plug PCI Controller Driver version: 0.4
ehea: IBM eHEA ethernet device driver (Release EHEA_0107)
ibmebus port0: eth0: Jumbo frames are enabled
ibmebus port0: eth0: logical port id #1
ibmebus port1: eth1: Jumbo frames are enabled
ibmebus port1: eth1: logical port id #2
ibmebus port2: eth2: Jumbo frames are enabled
ibmebus port2: eth2: logical port id #17
ibmebus port3: eth3: Jumbo frames are enabled
ibmebus port3: eth3: logical port id #18
swapon[607]: swapon: /dev/mapper/vg_pico-lv_swap: swap format pagesize does not match. (Use --fixpgsz to reinitialize it.)
Unable to find swap-space signature
swapon[607]: swapon: /dev/mapper/vg_pico-lv_swap: swapon failed: Invalid argument
systemd[1]: dev-mapper-vg_pico\x2dlv_swap.swap swap process exited, code=exited status=255
systemd[1]: Unit dev-mapper-vg_pico\x2dlv_swap.swap entered failed state.
systemd-fsck[633]: /dev/sda2: clean, 24/128016 files, 311361/512000 blocks
EXT4-fs (sda2): mounted filesystem with ordered data mode. Opts: (null)
SELinux: initialized (dev sda2, type ext4), uses xattr
ses 0:8:0:0: Attached Enclosure device
ses 0:8:1:0: Attached Enclosure device
rmmod[646]: ERROR: Module scsi_wait_scan does not exist in /proc/modules
fedora-storage-init[652]: Setting up Logical Volume Management:   3 logical volume(s) in volume group "vg_pico" now active
fedora-storage-init[652]: [  OK  ]
systemd-fsck[666]: /dev/mapper/vg_pico-lv_home: clean, 135736/5292032 files, 3449650/21159936 blocks
EXT4-fs (dm-2): mounted filesystem with ordered data mode. Opts: (null)
SELinux: initialized (dev dm-2, type ext4), uses xattr
fedora-storage-init[670]: Setting up Logical Volume Management:   3 logical volume(s) in volume group "vg_pico" now active
fedora-storage-init[670]: [  OK  ]
lvm[687]: 3 logical volume(s) in volume group "vg_pico" monitored
systemd-tmpfiles[689]: Successfully loaded SELinux database in 17ms 520us, size on heap is 476K.
sandbox[697]: Starting sandbox/etc/rc.d/init.d/sandbox: line 58: success: command not found
sandbox[697]: /etc/rc.d/init.d/sandbox: line 58: failure: command not found
iptables.init[698]: iptables: Applying firewall rules: [  OK  ]
ip6_tables: (C) 2000-2006 Netfilter Core Team
auditd[715]: Started dispatcher: /sbin/audispd pid: 730
audispd[730]: priority_boost_parser called with: 4
audispd[730]: max_restarts_parser called with: 10
audispd[730]: No plugins found, exiting
auditd[715]: Init complete, auditd 2.1.3 listening for events (startup state enable)
ip6tables.init[704]: ip6tables: Applying firewall rules: [  OK  ]
NetworkManager[731]: NetworkManager[731]: <info> NetworkManager (version 0.9.1.90-5.git20110927.fc16) is starting...
NetworkManager[731]: <info> NetworkManager (version 0.9.1.90-5.git20110927.fc16) is starting...
NetworkManager[731]: <info> Read config file /etc/NetworkManager/NetworkManager.conf
NetworkManager[731]: NetworkManager[731]: <info> Read config file /etc/NetworkManager/NetworkManager.conf
/usr/sbin/gpm[759]: *** info [daemon/startup.c(136)]:
/usr/sbin/gpm[759]: Started gpm successfully. Entered daemon mode.
avahi-daemon[763]: Found user 'avahi' (UID 70) and group 'avahi' (GID 70).
avahi-daemon[763]: Successfully dropped root privileges.
avahi-daemon[763]: avahi-daemon 0.6.30 starting up.
avahi-daemon[763]: WARNING: No NSS support for mDNS detected, consider installing nss-mdns!
/usr/sbin/crond[768]: (CRON) INFO (running with inotify support)
dbus[785]: avc:  netlink poll: error 4
dbus-daemon[785]: dbus[785]: avc:  netlink poll: error 4
abrtd[753]: Init complete, entering main loop
avahi-daemon[763]: Successfully called chroot().
avahi-daemon[763]: Successfully dropped remaining capabilities.
dbus[785]: [system] Activating systemd to hand-off: service name='org.freedesktop.NetworkManager' unit='dbus-org.freedesktop.NetworkManager.service'
avahi-daemon[763]: Loading service file /services/ssh.service.
dbus-daemon[785]: dbus[785]: [system] Activating systemd to hand-off: service name='org.freedesktop.NetworkManager' unit='dbus-org.freedesktop.NetworkManager.service'
avahi-daemon[763]: Loading service file /services/udisks.service.
dbus[785]: [system] Successfully activated service 'org.freedesktop.systemd1'
dbus-daemon[785]: dbus[785]: [system] Successfully activated service 'org.freedesktop.systemd1'
systemd-logind[760]: New seat seat0.
avahi-daemon[763]: Network interface enumeration completed.
avahi-daemon[763]: Registering HINFO record with values 'PPC64'/'LINUX'.
avahi-daemon[763]: Server startup complete. Host name is pico.local. Local service cookie is 2332047064.
avahi-daemon[763]: Service "pico" (/services/udisks.service) successfully established.
avahi-daemon[763]: Service "pico" (/services/ssh.service) successfully established.
ibmebus port0: eth0: Physical port up
ibmebus port0: eth0: External switch port is backup port
ibmebus port1: eth1: Physical port down
ibmebus port1: eth1: External switch port is backup port
ibmebus port2: eth2: Physical port down
ibmebus port2: eth2: External switch port is backup port
ibmebus port3: eth3: Physical port down
ibmebus port3: eth3: External switch port is backup port
[drm] Initialized drm 1.1.0 20060810
[drm] Supports vblank timestamp caching Rev 1 (10.10.2010).
[drm] No driver support for vblank timestamp query.
[drm] Initialized mga 3.2.1 20051102 for 0003:02:00.0 on minor 0
[drm:mga_do_agp_dma_bootstrap] *ERROR* Unable to acquire AGP: -19
[drm] Initialized card for PCI DMA.
eth1: no IPv6 routers present
eth3: no IPv6 routers present
eth2: no IPv6 routers present
eth0: no IPv6 routers present
perf_event open b468ec00
perf_event open b468e800
pmu_ppr_open b468ec00 b468e800 2000
sched b468ec00 b468e800 2000
sched 29843 1206c 11d5a
sched 4229 100ea 100ea
sched b468ec00 b468e800 2000
sched 3389107878 43526670 4352635e
sched 1529856710 43524808 43524808
sched b468ec00 b468e800 2000
sched 5371087257 6a8a7fb0 6a8a7c9e
sched 2430681371 6a8a6036 6a8a6036
sched b468ec00 b468e800 2000
sched 6395114228 7ece1d80 7ece1a6e
sched 2897985119 7ecdfe24 7ecdfe24
sched b468ec00 b468e800 2000
sched 9407394919 ba68cd68 ba68ca56
sched 4297179823 ba68ae00 ba68ae00
sched b468ec00 b468e800 2000
sched 10607754112 d22a17c8 d22a14b6
sched 4862262887 d229f8a4 d229f8a4
perf_event open b48c4400
perf_event open b48c4800
pmu_ppr_open b48c4400 b48c4800 2000
sched b48c4400 b48c4800 2000
sched 28353 12404 1212e
sched 4299 ff70 ff70
sched b48c4400 b48c4800 2000
sched 1402084 97fec 97d16
sched 281634 96538 96538
sched b48c4400 b48c4800 2000
sched 102757336 24c7122 24c6e4c
sched 31622205 24c4d52 24c4d52
sched b48c4400 b48c4800 2000
sched 3108970118 3dc86eb8 3dc86be2
sched 1420508537 3dc84a6c 3dc84a6c
sched b48c4400 b48c4800 2000
sched 6120994405 79631e22 79631b4c
sched 2807690529 7962fa4c 7962fa4c
sched b48c4400 b48c4800 2000
sched 9133250595 b4fdd0be b4fdcde8
sched 4203325049 b4fdac88 b4fdac88
sched b48c4400 b48c4800 2000
sched 10557780981 d12e6e6e d12e6b98
sched 4862262913 d12e49fe d12e49fe
perf_event open b48d1800
perf_event open b48d1000
pmu_ppr_open b48d1800 b48d1000 2000
sched b48d1800 b48d1000 2000
sched 7928074 2f9046 2f8da2
sched 1844753 2f7cde 2f7cde
sched b48d1800 b48d1000 2000
sched 7928074 2fc0fa 2fbe56
sched 1844753 2fabfc 2fabfc
sched b48d1800 b48d1000 2000
sched 2104217836 29e823d4 29e82130
sched 1017455795 29e8082c 29e8082c
sched b48d1800 b48d1000 2000
sched 5110309963 656435d4 65643330
sched 2496472115 65641998 65641998
sched b48d1800 b48d1000 2000
sched 8122652705 a0feef0c a0feec68
sched 3993052631 a0fed3a0 a0fed3a0
sched b48d1800 b48d1000 2000
sched 9846292326 c31be0a6 c31bde02
sched 4862263747 c31bc454 c31bc454
perf_event open c6e7e000
perf_event open c6e7b800
pmu_ppr_open c6e7e000 c6e7b800 2000
sched c6e7e000 c6e7b800 2000
sched 18489 dd94 da8a
sched 2437 be52 be52
sched c6e7e000 c6e7b800 2000
sched 604552 528de 525d4
sched 237026 51018 51018
sched c6e7e000 c6e7b800 2000
sched 3033755029 3c4c086a 3c4c0560
sched 1318066100 3c4bed92 3c4bed92
sched c6e7e000 c6e7b800 2000
sched 3045557128 3c88618c 3c885e82
sched 1323008710 3c8843b4 3c8843b4
sched c6e7e000 c6e7b800 2000
sched 4685690063 5cfdbb58 5cfdb84e
sched 2038175572 5cfd9ae4 5cfd9ae4
sched c6e7e000 c6e7b800 2000
sched 7691676110 9879e876 9879e56c
sched 3358684713 9879c8aa 9879c8aa
sched c6e7e000 c6e7b800 2000
sched 10703769917 d4149964 d414965a
sched 4690881411 d41479be d41479be
sched c6e7e000 c6e7b800 2000
sched 11097199051 dbde1098 dbde0d8e
sched 4862259241 dbddf0f8 dbddf0f8
sched c6e7e000 c6e7b800 2000
sched 11097221637 dbde8c66 dbde895c
sched 4862261745 dbde6be6 dbde6be6
sched c6e7e000 c6e7b800 2000
sched 11097239922 dbe44bb6 dbe448ac
sched 4862262933 dbe42b5c dbe42b5c
